../Application/User/USB_DEVICE/App/usbd_desc.c:117:10:USBD_CDC_RNDIS_DeviceDescriptor	0	static
../Application/User/USB_DEVICE/App/usbd_desc.c:130:10:USBD_CDC_RNDIS_LangIDStrDescriptor	0	static
../Application/User/USB_DEVICE/App/usbd_desc.c:162:10:USBD_CDC_RNDIS_ManufacturerStrDescriptor	8	static
../Application/User/USB_DEVICE/App/usbd_desc.c:175:10:USBD_CDC_RNDIS_SerialStrDescriptor	8	static
../Application/User/USB_DEVICE/App/usbd_desc.c:143:10:USBD_CDC_RNDIS_ProductStrDescriptor	8	static
../Application/User/USB_DEVICE/App/usbd_desc.c:190:10:USBD_CDC_RNDIS_ConfigStrDescriptor	8	static
../Application/User/USB_DEVICE/App/usbd_desc.c:209:10:USBD_CDC_RNDIS_InterfaceStrDescriptor	8	static
