../Application/User/USB_DEVICE/App/usbd_cdc_rndis_if.c:113:15:CDC_RNDIS_Itf_DeInit	0	static
../Application/User/USB_DEVICE/App/usbd_cdc_rndis_if.c:207:15:CDC_RNDIS_Itf_Receive	0	static
../Application/User/USB_DEVICE/App/usbd_cdc_rndis_if.c:234:15:CDC_RNDIS_Itf_TransmitCplt	0	static
../Application/User/USB_DEVICE/App/usbd_cdc_rndis_if.c:131:15:CDC_RNDIS_Itf_Control	16	static
../Application/User/USB_DEVICE/App/usbd_cdc_rndis_if.c:250:15:CDC_RNDIS_Itf_Process	8	static
../Application/User/USB_DEVICE/App/usbd_cdc_rndis_if.c:81:15:CDC_RNDIS_Itf_Init	48	static
../Application/User/USB_DEVICE/App/usbd_cdc_rndis_if.c:294:6:ethernetif_notify_conn_changed	32	static
