../Application/User/USB_DEVICE/Target/usbd_conf.c:45:6:HAL_PCD_MspInit	80	static
../Application/User/USB_DEVICE/Target/usbd_conf.c:157:6:HAL_PCD_MspDeInit	0	static
../Application/User/USB_DEVICE/Target/usbd_conf.c:185:6:HAL_PCD_SetupStageCallback	0	static
../Application/User/USB_DEVICE/Target/usbd_conf.c:196:6:HAL_PCD_DataOutStageCallback	0	static
../Application/User/USB_DEVICE/Target/usbd_conf.c:207:6:HAL_PCD_DataInStageCallback	0	static
../Application/User/USB_DEVICE/Target/usbd_conf.c:217:6:HAL_PCD_SOFCallback	0	static
../Application/User/USB_DEVICE/Target/usbd_conf.c:227:6:HAL_PCD_ResetCallback	16	static
../Application/User/USB_DEVICE/Target/usbd_conf.c:258:6:HAL_PCD_SuspendCallback	0	static
../Application/User/USB_DEVICE/Target/usbd_conf.c:268:6:HAL_PCD_ResumeCallback	0	static
../Application/User/USB_DEVICE/Target/usbd_conf.c:279:6:HAL_PCD_ISOOUTIncompleteCallback	0	static
../Application/User/USB_DEVICE/Target/usbd_conf.c:290:6:HAL_PCD_ISOINIncompleteCallback	0	static
../Application/User/USB_DEVICE/Target/usbd_conf.c:300:6:HAL_PCD_ConnectCallback	0	static
../Application/User/USB_DEVICE/Target/usbd_conf.c:310:6:HAL_PCD_DisconnectCallback	0	static
../Application/User/USB_DEVICE/Target/usbd_conf.c:325:20:USBD_LL_Init	16	static
../Application/User/USB_DEVICE/Target/usbd_conf.c:403:20:USBD_LL_DeInit	8	static
../Application/User/USB_DEVICE/Target/usbd_conf.c:414:20:USBD_LL_Start	8	static
../Application/User/USB_DEVICE/Target/usbd_conf.c:425:20:USBD_LL_Stop	8	static
../Application/User/USB_DEVICE/Target/usbd_conf.c:439:20:USBD_LL_OpenEP	8	static
../Application/User/USB_DEVICE/Target/usbd_conf.c:458:20:USBD_LL_CloseEP	8	static
../Application/User/USB_DEVICE/Target/usbd_conf.c:470:20:USBD_LL_FlushEP	8	static
../Application/User/USB_DEVICE/Target/usbd_conf.c:482:20:USBD_LL_StallEP	8	static
../Application/User/USB_DEVICE/Target/usbd_conf.c:494:20:USBD_LL_ClearStallEP	8	static
../Application/User/USB_DEVICE/Target/usbd_conf.c:506:9:USBD_LL_IsStallEP	0	static
../Application/User/USB_DEVICE/Target/usbd_conf.c:526:20:USBD_LL_SetUSBAddress	8	static
../Application/User/USB_DEVICE/Target/usbd_conf.c:540:20:USBD_LL_Transmit	16	static
../Application/User/USB_DEVICE/Target/usbd_conf.c:560:20:USBD_LL_PrepareReceive	8	static
../Application/User/USB_DEVICE/Target/usbd_conf.c:575:10:USBD_LL_GetRxDataSize	0	static
../Application/User/USB_DEVICE/Target/usbd_conf.c:585:6:USBD_LL_Delay	0	static
