D:/Games/TouchGFXProjects/RNDIS_TouchGFX/Core/Src/stm32f7xx_hal_msp.c:64:6:HAL_MspInit	8	static
D:/Games/TouchGFXProjects/RNDIS_TouchGFX/Core/Src/stm32f7xx_hal_msp.c:89:6:HAL_CRC_MspInit	8	static
D:/Games/TouchGFXProjects/RNDIS_TouchGFX/Core/Src/stm32f7xx_hal_msp.c:112:6:HAL_CRC_MspDeInit	0	static
D:/Games/TouchGFXProjects/RNDIS_TouchGFX/Core/Src/stm32f7xx_hal_msp.c:134:6:HAL_DMA2D_MspInit	16	static
D:/Games/TouchGFXProjects/RNDIS_TouchGFX/Core/Src/stm32f7xx_hal_msp.c:160:6:HAL_DMA2D_MspDeInit	0	static
D:/Games/TouchGFXProjects/RNDIS_TouchGFX/Core/Src/stm32f7xx_hal_msp.c:185:6:HAL_LTDC_MspInit	192	static
D:/Games/TouchGFXProjects/RNDIS_TouchGFX/Core/Src/stm32f7xx_hal_msp.c:302:6:HAL_LTDC_MspDeInit	8	static
D:/Games/TouchGFXProjects/RNDIS_TouchGFX/Core/Src/stm32f7xx_hal_msp.c:369:6:HAL_UART_MspInit	168	static
D:/Games/TouchGFXProjects/RNDIS_TouchGFX/Core/Src/stm32f7xx_hal_msp.c:417:6:HAL_UART_MspDeInit	0	static
D:/Games/TouchGFXProjects/RNDIS_TouchGFX/Core/Src/stm32f7xx_hal_msp.c:541:6:HAL_SDRAM_MspInit	48	static
D:/Games/TouchGFXProjects/RNDIS_TouchGFX/Core/Src/stm32f7xx_hal_msp.c:625:6:HAL_SDRAM_MspDeInit	8	static
