../Middlewares/STM32_USB_Device_Library/Class/CDC_RNDIS/Src/usbd_cdc_rndis.c:887:10:USBD_CDC_RNDIS_GetDeviceQualifierDescriptor	0	static
../Middlewares/STM32_USB_Device_Library/Class/CDC_RNDIS/Src/usbd_cdc_rndis.c:794:17:USBD_CDC_RNDIS_GetFSCfgDesc	16	static
../Middlewares/STM32_USB_Device_Library/Class/CDC_RNDIS/Src/usbd_cdc_rndis.c:856:17:USBD_CDC_RNDIS_GetOtherSpeedCfgDesc	0	static
../Middlewares/STM32_USB_Device_Library/Class/CDC_RNDIS/Src/usbd_cdc_rndis.c:825:17:USBD_CDC_RNDIS_GetHSCfgDesc	16	static
../Middlewares/STM32_USB_Device_Library/Class/CDC_RNDIS/Src/usbd_cdc_rndis.c:496:16:USBD_CDC_RNDIS_Setup	32	static
../Middlewares/STM32_USB_Device_Library/Class/CDC_RNDIS/Src/usbd_cdc_rndis.c:453:16:USBD_CDC_RNDIS_DeInit	16	static
../Middlewares/STM32_USB_Device_Library/Class/CDC_RNDIS/Src/usbd_cdc_rndis.c:352:16:USBD_CDC_RNDIS_Init	24	static
../Middlewares/STM32_USB_Device_Library/Class/CDC_RNDIS/Src/usbd_cdc_rndis.c:923:17:USBD_CDC_RNDIS_USRStringDescriptor	8	static
../Middlewares/STM32_USB_Device_Library/Class/CDC_RNDIS/Src/usbd_cdc_rndis.c:699:16:USBD_CDC_RNDIS_DataOut	24	static
../Middlewares/STM32_USB_Device_Library/Class/CDC_RNDIS/Src/usbd_cdc_rndis.c:900:9:USBD_CDC_RNDIS_RegisterInterface	0	static
../Middlewares/STM32_USB_Device_Library/Class/CDC_RNDIS/Src/usbd_cdc_rndis.c:956:9:USBD_CDC_RNDIS_SetTxBuffer	0	static
../Middlewares/STM32_USB_Device_Library/Class/CDC_RNDIS/Src/usbd_cdc_rndis.c:980:9:USBD_CDC_RNDIS_SetRxBuffer	0	static
../Middlewares/STM32_USB_Device_Library/Class/CDC_RNDIS/Src/usbd_cdc_rndis.c:1007:9:USBD_CDC_RNDIS_TransmitPacket	16	static
../Middlewares/STM32_USB_Device_Library/Class/CDC_RNDIS/Src/usbd_cdc_rndis.c:1064:9:USBD_CDC_RNDIS_ReceivePacket	8	static
../Middlewares/STM32_USB_Device_Library/Class/CDC_RNDIS/Src/usbd_cdc_rndis.c:1097:9:USBD_CDC_RNDIS_SendNotification	8	static
../Middlewares/STM32_USB_Device_Library/Class/CDC_RNDIS/Src/usbd_cdc_rndis.c:635:16:USBD_CDC_RNDIS_DataIn	24	static
../Middlewares/STM32_USB_Device_Library/Class/CDC_RNDIS/Src/usbd_cdc_rndis.c:755:16:USBD_CDC_RNDIS_EP0_RxReady	16	static
